Microchip MPLAB XC8 Compiler V2.32

Linker command line:

-W-3 --edf=C:\Program Files\Microchip\xc8\v2.32\pic\dat\en_msgs.txt -cn \
  -h+dist/default/production\CAN_Door_Monitor.X.production.sym \
  --cmf=dist/default/production\CAN_Door_Monitor.X.production.cmf -z \
  -Q18F26K80 -oC:\Users\nemet\AppData\Local\Temp\xcAsa9c.4 \
  --defsym=__MPLAB_BUILD=1 \
  -Mdist/default/production/CAN_Door_Monitor.X.production.map -E1 \
  -ver=XC8 Compiler --acfsm=1493 -ASTACK=060h-0E40h -pstack=STACK \
  -ACODE=00h-0FFFFh -ACONST=00h-0FFFFh -ASMALLCONST=0F00h-0FFFhx241 \
  -AMEDIUMCONST=0F00h-0FFFFh -ACOMRAM=01h-05Fh -AABS1=00h-0E40h \
  -ABIGRAM=01h-0E40h -ARAM=060h-0FFh,0100h-01FFhx13,0E00h-0E40h \
  -ABANK0=060h-0FFh -ABANK1=0100h-01FFh -ABANK2=0200h-02FFh \
  -ABANK3=0300h-03FFh -ABANK4=0400h-04FFh -ABANK5=0500h-05FFh \
  -ABANK6=0600h-06FFh -ABANK7=0700h-07FFh -ABANK8=0800h-08FFh \
  -ABANK9=0900h-09FFh -ABANK10=0A00h-0AFFh -ABANK11=0B00h-0BFFh \
  -ABANK12=0C00h-0CFFh -ABANK13=0D00h-0DFFh -ABANK14=0E00h-0E40h \
  -ASFR=0E41h-0EFFh,0F00h-0F5Fh,0F60h-0FFFh -ACONFIG=0300000h-030000Dh \
  -AIDLOC=0200000h-0200007h -AEEDATA=0F00000h-0F003FFh -peeprom_data=EEDATA \
  -preset_vec=00h,intcode=08h,intcodelo,powerup,init -pramtop=0F00h \
  -psmallconst=SMALLCONST -pmediumconst=MEDIUMCONST -pconst=CONST \
  -AFARRAM=00h-00h \
  -prdata=COMRAM,nvrram=COMRAM,nvbit=COMRAM,rbss=COMRAM,rbit=COMRAM \
  -pfarbss=FARRAM,fardata=FARRAM,nvFARRAM=FARRAM \
  -pintsave_regs=BIGRAM,bigbss=BIGRAM,bigdata=BIGRAM -pbss=RAM \
  -pidata=CODE,irdata=CODE,ibigdata=CODE,ifardata=CODE -prparam=COMRAM \
  C:\Users\nemet\AppData\Local\Temp\xcAsa9c.o \
  dist/default/production\CAN_Door_Monitor.X.production.o 

Object code version is 3.11

Machine type is 18F26K80



                Name                               Link     Load   Length Selector   Space Scale
C:\Users\nemet\AppData\Local\Temp\xcAsa9c.o
                idloc                            200000   200000        8        0       5
                config                           300000   300000        E        0       4
                init                                 F6       F6        4        4       0
                reset_vec                             0        0        4        0       0
dist/default/production\CAN_Door_Monitor.X.production.o
                intcode                               8        8       EE        4       0
                idloc                            200000   200000        8        0       5
                config                           300000   300000        E        0       4
                temp                                 17       17        1        1       1
                text1                               1A0      1A0       96        4       0
                text0                                FA       FA       A6        4       0
                cstackCOMRAM                         15       15        2        1       1
                bssCOMRAM                             1        1       14        1       1
                cinit                               236      236       16        4       0

TOTAL           Name                               Link     Load   Length     Space
        CLASS   STACK          

        CLASS   CODE           
                intcode                               8        8       EE         0
                init                                 F6       F6        4         0
                reset_vec                             0        0        4         0
                text1                               1A0      1A0       96         0
                text0                                FA       FA       A6         0
                cinit                               236      236       16         0

        CLASS   CONST          

        CLASS   SMALLCONST     

        CLASS   MEDIUMCONST    

        CLASS   COMRAM         
                temp                                 17       17        1         1
                cstackCOMRAM                         15       15        2         1
                bssCOMRAM                             1        1       14         1

        CLASS   ABS1           

        CLASS   BIGRAM         

        CLASS   RAM            

        CLASS   BANK0          

        CLASS   BANK1          

        CLASS   BANK2          

        CLASS   BANK3          

        CLASS   BANK4          

        CLASS   BANK5          

        CLASS   BANK6          

        CLASS   BANK7          

        CLASS   BANK8          

        CLASS   BANK9          

        CLASS   BANK10         

        CLASS   BANK11         

        CLASS   BANK12         

        CLASS   BANK13         

        CLASS   BANK14         

        CLASS   SFR            

        CLASS   CONFIG         
                config                           300000   300000        E         4

        CLASS   IDLOC          
                idloc                            200000   200000        8         5

        CLASS   EEDATA         

        CLASS   FARRAM         



SEGMENTS        Name                           Load    Length   Top    Selector   Space  Class

                reset_vec                      000000  000004  000004         0       0  CODE    
                bssCOMRAM                      000001  000017  000018         1       1  COMRAM  
                intcode                        000008  000244  00024C         4       0  CODE    


UNUSED ADDRESS RANGES

        Name                Unused          Largest block    Delta
        BANK0            000060-0000FF               A0
        BANK1            000100-0001FF              100
        BANK10           000A00-000AFF              100
        BANK11           000B00-000BFF              100
        BANK12           000C00-000CFF              100
        BANK13           000D00-000DFF              100
        BANK14           000E00-000E40               41
        BANK2            000200-0002FF              100
        BANK3            000300-0003FF              100
        BANK4            000400-0004FF              100
        BANK5            000500-0005FF              100
        BANK6            000600-0006FF              100
        BANK7            000700-0007FF              100
        BANK8            000800-0008FF              100
        BANK9            000900-0009FF              100
        BIGRAM           000018-000E40              E29
        CODE             000004-000007                4
                         00024C-00FFFF             FDB4
        COMRAM           000018-00005F               48
        CONST            000004-000007                4
                         00024C-00FFFF             FDB4
        EEDATA           F00000-F003FF              400
        MEDIUMCONST      000F00-00FFFF             F100
        RAM              000060-000E40              100
        SFR              000E41-000FFF               BF
        SMALLCONST       000F00-00FFFF              100
        STACK            000060-000E40              DE1

                                  Symbol Table

_BRGCON1                 (abs)        000E43
_BRGCON2                 (abs)        000E44
_BRGCON3                 (abs)        000E45
_CANCONbits              (abs)        000F6F
_CANSTAT                 (abs)        000F6E
_CANSTATbits             (abs)        000F6E
_ECANCON                 (abs)        000F72
_ECANCONbits             (abs)        000F72
_INTCONbits              (abs)        000FF2
_LATBbits                (abs)        000F8A
_LATCbits                (abs)        000F8B
_PIE5bits                (abs)        000F76
_PIR5bits                (abs)        000F77
_RXB0CONbits             (abs)        000F60
_RXB0D0                  (abs)        000F66
_RXB0D1                  (abs)        000F67
_RXB0D2                  (abs)        000F68
_RXB0D3                  (abs)        000F69
_RXB0D4                  (abs)        000F6A
_RXB0D5                  (abs)        000F6B
_RXB0D6                  (abs)        000F6C
_RXB0D7                  (abs)        000F6D
_RXB0DLC                 (abs)        000F65
_RXB0SIDH                (abs)        000F61
_RXB0SIDL                (abs)        000F62
_RXF0EIDH                (abs)        000EE2
_RXF0EIDL                (abs)        000EE3
_RXF0SIDH                (abs)        000EE0
_RXF0SIDL                (abs)        000EE1
_RXF1EIDH                (abs)        000EE6
_RXF1EIDL                (abs)        000EE7
_RXF1SIDH                (abs)        000EE4
_RXF1SIDL                (abs)        000EE5
_RXM0EIDH                (abs)        000EFA
_RXM0EIDL                (abs)        000EFB
_RXM0SIDH                (abs)        000EF8
_RXM0SIDL                (abs)        000EF9
_RXM1EIDH                (abs)        000EFE
_RXM1EIDL                (abs)        000EFF
_RXM1SIDH                (abs)        000EFC
_RXM1SIDL                (abs)        000EFD
_T0CONbits               (abs)        000FD5
_TMR0H                   (abs)        000FD7
_TMR0L                   (abs)        000FD6
_TRISBbits               (abs)        000F93
_TRISCbits               (abs)        000F94
__HRAM                   (abs)        000000
__Habs1                  abs1         000000
__Hbank0                 bank0        000000
__Hbank1                 bank1        000000
__Hbank10                bank10       000000
__Hbank11                bank11       000000
__Hbank12                bank12       000000
__Hbank13                bank13       000000
__Hbank14                bank14       000000
__Hbank2                 bank2        000000
__Hbank3                 bank3        000000
__Hbank4                 bank4        000000
__Hbank5                 bank5        000000
__Hbank6                 bank6        000000
__Hbank7                 bank7        000000
__Hbank8                 bank8        000000
__Hbank9                 bank9        000000
__Hbigbss                bigbss       000000
__Hbigdata               bigdata      000000
__Hbigram                bigram       000000
__Hbss                   bss          000000
__HbssCOMRAM             bssCOMRAM    000000
__Hcinit                 cinit        000000
__Hclrtext               clrtext      000000
__Hcomram                comram       000000
__Hconfig                config       30000E
__Hconst                 const        000000
__HcstackCOMRAM          cstackCOMRAM 000000
__Hdata                  data         000000
__Heeprom_data           eeprom_data  000000
__Hfarbss                farbss       000000
__Hfardata               fardata      000000
__Hibigdata              ibigdata     000000
__Hidata                 idata        000000
__Hidloc                 idloc        200008
__Hifardata              ifardata     000000
__Hinit                  init         0000FA
__Hintcode               intcode      0000F6
__Hintcode_body          intcode_body 000000
__Hintcodelo             intcodelo    0000F6
__Hintentry              intentry     000000
__Hintret                intret       000000
__Hintsave_regs          intsave_regs 000000
__Hirdata                irdata       000000
__Hmediumconst           mediumconst  000000
__HnvFARRAM              nvFARRAM     000000
__Hnvbit                 nvbit        000000
__Hnvrram                nvrram       000000
__Hparam                 rparam       000000
__Hpowerup               powerup      0000F6
__Hram                   ram          000000
__Hramtop                ramtop       000F00
__Hrbit                  rbit         000000
__Hrbss                  rbss         000000
__Hrdata                 rdata        000000
__Hreset_vec             reset_vec    000004
__Hrparam                rparam       000000
__Hsfr                   sfr          000000
__Hsmallconst            smallconst   000000
__Hspace_0               (abs)        000F00
__Hspace_1               (abs)        000018
__Hspace_2               (abs)        000000
__Hspace_4               (abs)        60000E
__Hstack                 stack        000000
__Hstruct                struct       000000
__Htemp                  temp         000018
__Htext                  text         000000
__Htext0                 text0        000000
__Htext1                 text1        000000
__LRAM                   (abs)        000001
__Labs1                  abs1         000000
__Lbank0                 bank0        000000
__Lbank1                 bank1        000000
__Lbank10                bank10       000000
__Lbank11                bank11       000000
__Lbank12                bank12       000000
__Lbank13                bank13       000000
__Lbank14                bank14       000000
__Lbank2                 bank2        000000
__Lbank3                 bank3        000000
__Lbank4                 bank4        000000
__Lbank5                 bank5        000000
__Lbank6                 bank6        000000
__Lbank7                 bank7        000000
__Lbank8                 bank8        000000
__Lbank9                 bank9        000000
__Lbigbss                bigbss       000000
__Lbigdata               bigdata      000000
__Lbigram                bigram       000000
__Lbss                   bss          000000
__LbssCOMRAM             bssCOMRAM    000000
__Lcinit                 cinit        000000
__Lclrtext               clrtext      000000
__Lcomram                comram       000000
__Lconfig                config       000000
__Lconst                 const        000000
__LcstackCOMRAM          cstackCOMRAM 000000
__Ldata                  data         000000
__Leeprom_data           eeprom_data  000000
__Lfarbss                farbss       000000
__Lfardata               fardata      000000
__Libigdata              ibigdata     000000
__Lidata                 idata        000000
__Lidloc                 idloc        000000
__Lifardata              ifardata     000000
__Linit                  init         0000F6
__Lintcode               intcode      000008
__Lintcode_body          intcode_body 000000
__Lintcodelo             intcodelo    0000F6
__Lintentry              intentry     000000
__Lintret                intret       000000
__Lintsave_regs          intsave_regs 000000
__Lirdata                irdata       000000
__Lmediumconst           mediumconst  000000
__LnvFARRAM              nvFARRAM     000000
__Lnvbit                 nvbit        000000
__Lnvrram                nvrram       000000
__Lparam                 rparam       000000
__Lpowerup               powerup      0000F6
__Lram                   ram          000000
__Lramtop                ramtop       000F00
__Lrbit                  rbit         000000
__Lrbss                  rbss         000000
__Lrdata                 rdata        000000
__Lreset_vec             reset_vec    000000
__Lrparam                rparam       000000
__Lsfr                   sfr          000000
__Lsmallconst            smallconst   000000
__Lspace_0               (abs)        000000
__Lspace_1               (abs)        000000
__Lspace_2               (abs)        000000
__Lspace_4               (abs)        000000
__Lstack                 stack        000000
__Lstruct                struct       000000
__Ltemp                  temp         000017
__Ltext                  text         000000
__Ltext0                 text0        000000
__Ltext1                 text1        000000
__S0                     (abs)        00024C
__S1                     (abs)        000018
__S2                     (abs)        000000
__S4                     (abs)        000000
__S5                     (abs)        000000
___inthi_sp              stack        000000
___intlo_sp              stack        000000
___param_bank            (abs)        000000
___rparam_used           (abs)        000001
___sp                    stack        000000
__accesstop              (abs)        000060
__activetblptr           (abs)        000000
__end_of__initialization cinit        000242
__end_of_can_init        text1        000236
__end_of_main            text0        0001A0
__end_of_myISR           intcode      0000F6
__initialization         cinit        000236
__mediumconst            mediumconst  000000
__pbssCOMRAM             bssCOMRAM    000001
__pcinit                 cinit        000236
__pcstackCOMRAM          cstackCOMRAM 000015
__pintcode               intcode      000008
__ptext0                 text0        0000FA
__ptext1                 text1        0001A0
__ramtop                 ramtop       000F00
__size_of_can_init       (abs)        000000
__size_of_main           (abs)        000000
__size_of_myISR          (abs)        000000
__smallconst             smallconst   000000
_canMessageFlag          bssCOMRAM    000014
_can_init                text1        0001A0
_can_rxbuff              bssCOMRAM    000001
_ledHighTimer            bssCOMRAM    000010
_ledLowTimer             bssCOMRAM    00000E
_ledtimer                bssCOMRAM    000012
_main                    text0        0000FA
_myISR                   intcode      000008
btemp                    temp         000017
end_of_initialization    cinit        000242
int$flags                temp         000017
intlevel0                text         000000
intlevel1                text         000000
intlevel2                text         000000
intlevel3                text         000000
isa$std                  (abs)        000001
isa$xinst                (abs)        000000
stackhi                  (abs)        000E40
stacklo                  (abs)        000060
start                    init         0000F6
start_initialization     cinit        000236
ttemp5                   temp         000018
ttemp6                   temp         00001B
ttemp7                   temp         00001F
wtemp8                   temp         000018


MODULE INFORMATION

Module		Function		Class		Link	Load	Size
newmain.c
		_myISR         		CODE           	0008	0000	238
		_can_init      		CODE           	01A0	0000	150
		_main          		CODE           	00FA	0000	166

newmain.c estimated size: 554

shared
		__initialization		CODE           	0236	0000	12

shared estimated size: 12

